3. Clone that repo to your computer.

(base) Antonios-MacBook-Pro:afternoon Renan$ git clone https://github.com/RenanGdC/Ironrenan.git

4. Create a file in that folder. Name it about.txt and add a fun fact about yourself. (You can use the command line: touch nameOfTheFile.txt).

(base) Antonios-MacBook-Pro:afternoon Renan$ cd Ironrenan
(base) Antonios-MacBook-Pro:Ironrenan Renan$ touch about.txt
(base) Antonios-MacBook-Pro:Ironrenan Renan$ ls
README.md	about.txt
(base) Antonios-MacBook-Pro:Ironrenan Renan$ echo "Im scared of driving a bike when it rains" >> about.txt

5. Add the file you just created to the git.

(base) Antonios-MacBook-Pro:Ironrenan Renan$ git add about.txt
(base) Antonios-MacBook-Pro:Ironrenan Renan$ git status
On branch main
Your branch is up to date with 'origin/main'.

Changes to be committed:
  (use "git restore --staged <file>..." to unstage)
	new file:   about.txt

6. Commit the changes.

(base) Antonios-MacBook-Pro:Ironrenan Renan$ git commit -m "solution"
[main d1ccd3e] solution
 1 file changed, 1 insertion(+)
 create mode 100644 about.txt
(base) Antonios-MacBook-Pro:Ironrenan Renan$ 

7. Push the changes to the GitHub and check your repository to make sure everything is there.

(base) Antonios-MacBook-Pro:Ironrenan Renan$ git push
Enumerating objects: 4, done.
Counting objects: 100% (4/4), done.
Delta compression using up to 4 threads
Compressing objects: 100% (2/2), done.
Writing objects: 100% (3/3), 319 bytes | 319.00 KiB/s, done.
Total 3 (delta 0), reused 0 (delta 0), pack-reused 0
To https://github.com/RenanGdC/Ironrenan.git
   9746527..d1ccd3e  main -> main
(base) Antonios-MacBook-Pro:Ironrenan Renan$ 